// Jest Snapshot v1, https://goo.gl/fbAQLP

exports[`Movies SearchBy when construct should render 1`] = `
<div
  className="search-by mt-2 float-left"
>
  <Label
    tag="label"
    widths={
      Array [
        "xs",
        "sm",
        "md",
        "lg",
        "xl",
      ]
    }
  >
    Search By: 
  </Label>
  <ButtonGroup
    className="ml-2"
    role="group"
    size="sm"
    tag="div"
  >
    <Button
      className="search-by-button active"
      color="secondary"
      data-filter-field="searchBy"
      onClick={[MockFunction]}
      tag="button"
      value="title"
    >
      TITLE
    </Button>
    <Button
      className="search-by-button "
      color="secondary"
      data-filter-field="searchBy"
      onClick={[MockFunction]}
      tag="button"
      value="genres"
    >
      GENRE
    </Button>
  </ButtonGroup>
</div>
`;
