// Jest Snapshot v1, https://goo.gl/fbAQLP

exports[`Movies Header when construct should render SearchBy properly 1`] = `
<div
  className="search-by mt-2 float-left"
>
  <Label
    tag="label"
    widths={
      Array [
        "xs",
        "sm",
        "md",
        "lg",
        "xl",
      ]
    }
  >
    Search By: 
  </Label>
  <ButtonGroup
    className="ml-2"
    role="group"
    size="sm"
    tag="div"
  >
    <Button
      className="search-by-button "
      color="secondary"
      data-filter-field="searchBy"
      onClick={[MockFunction]}
      tag="button"
      value="title"
    >
      TITLE
    </Button>
    <Button
      className="search-by-button "
      color="secondary"
      data-filter-field="searchBy"
      onClick={[MockFunction]}
      tag="button"
      value="genres"
    >
      GENRE
    </Button>
  </ButtonGroup>
</div>
`;

exports[`Movies Header when construct should render SearchInput properly 1`] = `
<div>
  <label
    className="mb-1 font-weight-bold"
  >
    Find your movie
  </label>
  <div
    className="shadow-lg search-input"
  >
    <input
      className="w-100
                border-0
                rounded"
      data-filter-field="search"
      onChange={[MockFunction]}
      placeholder="Search your movie"
      type="text"
      value="searchValue"
    />
  </div>
</div>
`;

exports[`Movies Header when construct should render component 1`] = `
<Container
  className="movies-header"
  fluid={true}
  tag="div"
>
  <div
    className="text-white-50"
  >
    Netflixroulette
  </div>
  <Row
    className="h-100"
    tag="div"
  >
    <Col
      className="align-self-center text-white"
      tag="div"
      widths={
        Array [
          "xs",
          "sm",
          "md",
          "lg",
          "xl",
        ]
      }
      xs={
        Object {
          "offset": 2,
          "size": 8,
        }
      }
    >
      <form
        onSubmit={[MockFunction]}
      >
        <SearchInput
          filter={
            Object {
              "search": "searchValue",
            }
          }
          handleFilterChange={[MockFunction]}
        />
        <SearchBy
          filter={
            Object {
              "search": "searchValue",
            }
          }
          handleFilterChange={[MockFunction]}
        />
        <Button
          className="search-button 
                         mt-1
                         float-right"
          color="secondary"
          outline={true}
          tag="button"
        >
          Search
        </Button>
      </form>
    </Col>
  </Row>
</Container>
`;
