// Jest Snapshot v1, https://goo.gl/fbAQLP

exports[`Movies when construct should render 1`] = `
<div
  className="w-100 h-100"
>
  <Header />
  <FilterResults
    movies={
      Array [
        Object {
          "budget": 0,
          "genres": Array [
            "Action",
            "Adventure",
            "Science Fiction",
          ],
          "id": 447365,
          "overview": "The third film based on Marvel's Guardians of the Galaxy.",
          "poster_path": "https://image.tmdb.org/t/p/w500/ldoY4fTZkGISMidNw60GHoNdgP8.jpg",
          "release_date": "2020-05-01",
          "revenue": 0,
          "runtime": null,
          "tagline": "",
          "title": "Guardians of the Galaxy Vol. 3",
          "vote_average": 0,
          "vote_count": 9,
        },
        Object {
          "budget": 0,
          "genres": Array [
            "Action",
            "Adventure",
            "Science Fiction",
          ],
          "id": 447366,
          "overview": "The third film based on Marvel's Guardians of the Galaxy.",
          "poster_path": "https://image.tmdb.org/t/p/w500/ldoY4fTZkGISMidNw60GHoNdgP8.jpg",
          "release_date": "2020-05-01",
          "revenue": 0,
          "runtime": null,
          "tagline": "",
          "title": "Guardians of the Galaxy Vol. 3",
          "vote_average": 0,
          "vote_count": 9,
        },
        Object {
          "budget": 0,
          "genres": Array [
            "Action",
            "Adventure",
            "Science Fiction",
          ],
          "id": 447367,
          "overview": "The third film based on Marvel's Guardians of the Galaxy.",
          "poster_path": "https://image.tmdb.org/t/p/w500/ldoY4fTZkGISMidNw60GHoNdgP8.jpg",
          "release_date": "2020-05-01",
          "revenue": 0,
          "runtime": null,
          "tagline": "",
          "title": "Guardians of the Galaxy Vol. 3",
          "vote_average": 0,
          "vote_count": 9,
        },
        Object {
          "budget": 0,
          "genres": Array [
            "Action",
            "Adventure",
            "Science Fiction",
          ],
          "id": 447368,
          "overview": "The third film based on Marvel's Guardians of the Galaxy.",
          "poster_path": "https://image.tmdb.org/t/p/w500/ldoY4fTZkGISMidNw60GHoNdgP8.jpg",
          "release_date": "2020-05-01",
          "revenue": 0,
          "runtime": null,
          "tagline": "",
          "title": "Guardians of the Galaxy Vol. 3",
          "vote_average": 0,
          "vote_count": 9,
        },
      ]
    }
  />
  <Component
    movies={
      Array [
        Object {
          "budget": 0,
          "genres": Array [
            "Action",
            "Adventure",
            "Science Fiction",
          ],
          "id": 447365,
          "overview": "The third film based on Marvel's Guardians of the Galaxy.",
          "poster_path": "https://image.tmdb.org/t/p/w500/ldoY4fTZkGISMidNw60GHoNdgP8.jpg",
          "release_date": "2020-05-01",
          "revenue": 0,
          "runtime": null,
          "tagline": "",
          "title": "Guardians of the Galaxy Vol. 3",
          "vote_average": 0,
          "vote_count": 9,
        },
        Object {
          "budget": 0,
          "genres": Array [
            "Action",
            "Adventure",
            "Science Fiction",
          ],
          "id": 447366,
          "overview": "The third film based on Marvel's Guardians of the Galaxy.",
          "poster_path": "https://image.tmdb.org/t/p/w500/ldoY4fTZkGISMidNw60GHoNdgP8.jpg",
          "release_date": "2020-05-01",
          "revenue": 0,
          "runtime": null,
          "tagline": "",
          "title": "Guardians of the Galaxy Vol. 3",
          "vote_average": 0,
          "vote_count": 9,
        },
        Object {
          "budget": 0,
          "genres": Array [
            "Action",
            "Adventure",
            "Science Fiction",
          ],
          "id": 447367,
          "overview": "The third film based on Marvel's Guardians of the Galaxy.",
          "poster_path": "https://image.tmdb.org/t/p/w500/ldoY4fTZkGISMidNw60GHoNdgP8.jpg",
          "release_date": "2020-05-01",
          "revenue": 0,
          "runtime": null,
          "tagline": "",
          "title": "Guardians of the Galaxy Vol. 3",
          "vote_average": 0,
          "vote_count": 9,
        },
        Object {
          "budget": 0,
          "genres": Array [
            "Action",
            "Adventure",
            "Science Fiction",
          ],
          "id": 447368,
          "overview": "The third film based on Marvel's Guardians of the Galaxy.",
          "poster_path": "https://image.tmdb.org/t/p/w500/ldoY4fTZkGISMidNw60GHoNdgP8.jpg",
          "release_date": "2020-05-01",
          "revenue": 0,
          "runtime": null,
          "tagline": "",
          "title": "Guardians of the Galaxy Vol. 3",
          "vote_average": 0,
          "vote_count": 9,
        },
      ]
    }
  />
</div>
`;
